// Jest Snapshot v1, https://goo.gl/fbAQLP

exports[`NotFound404 NotFound404 snapshot 1`] = `
<div>
  <h1>
    404 Not found
  </h1>
  <a
    className=" "
    context={Object {}}
    href="/"
    onClick={[Function]}
    style={Object {}}
  >
    Back to start page
  </a>
  <br />
  <br />
</div>
`;
